// Jest Snapshot v1, https://goo.gl/fbAQLP

exports[`CreatePostForm renders correctly 1`] = `
<form
  action="http://localhost:8080/blog"
  className="form-width"
  method="POST"
>
  <ul
    className="flex-outer"
  >
    <li>
      <label
        for="date-form"
      >
        Date
      </label>
      <input
        name="date"
        type="date"
      />
    </li>
    <li>
      <label
        for="read-time"
      >
        Read Time
      </label>
      <input
        name="read-time"
        placeholder="Enter the read time for blog"
        type="text"
      />
    </li>
    <li>
      <label
        for="title"
      >
        Title
      </label>
      <input
        name="title"
        placeholder="Enter the Title of Post"
        type="text"
      />
    </li>
    <li>
      <label
        for="message"
      >
        Message
      </label>
      <textarea
        name="message"
        placeholder="Enter your message here"
        rows="6"
      />
    </li>
    <li>
      <button
        type="submit"
      >
        Submit
      </button>
    </li>
  </ul>
</form>
`;
